// Jest Snapshot v1, https://goo.gl/fbAQLP

exports[`Current temp renders when temp is passed in as props 1`] = `
<div>
  <p>
    30
     degrees
  </p>
</div>
`;
